The Answer to the Ultimate Question of Life, The Universe, and Everything.
The Answer to the Ultimate Question of Life, The Universe, and Everything.
The Answer to the Ultimate Question of Life, The Universe, and Everything.
The Answer to the Ultimate Question of Life, The Universe, and Everything.
The Answer to the Ultimate Question of Life, The Universe, and Everything.
The Answer to the Ultimate Question of Life, The Universe, and Everything.
The Answer to the Ultimate Question of Life, The Universe, and Everything.
The Answer to the Ultimate Question of Life, The Universe, and Everything.
The Answer to the Ultimate Question of Life, The Universe, and Everything.
The Answer to the Ultimate Question of Life, The Universe, and Everything.
The Answer to the Ultimate Question of Life, The Universe, and Everything.
The Answer to the Ultimate Question of Life, The Universe, and Everything.
The Answer to the Ultimate Question of Life, The Universe, and Everything.
The Answer to the Ultimate Question of Life, The Universe, and Everything.
The Answer to the Ultimate Question of Life, The Universe, and Everything.
The Answer to the Ultimate Question of Life, The Universe, and Everything.
The Answer to the Ultimate Question of Life, The Universe, and Everything.
The Answer to the Ultimate Question of Life, The Universe, and Everything.
The Answer to the Ultimate Question of Life, The Universe, and Everything.
The Answer to the Ultimate Question of Life, The Universe, and Everything.
The Answer to the Ultimate Question of Life, The Universe, and Everything.
The Answer to the Ultimate Question of Life, The Universe, and Everything.
The Answer to the Ultimate Question of Life, The Universe, and Everything.
The Answer to the Ultimate Question of Life, The Universe, and Everything.
The Answer to the Ultimate Question of Life, The Universe, and Everything.
The Answer to the Ultimate Question of Life, The Universe, and Everything.
The Answer to the Ultimate Question of Life, The Universe, and Everything.
The Answer to the Ultimate Question of Life, The Universe, and Everything.
The Answer to the Ultimate Question of Life, The Universe, and Everything.
The Answer to the Ultimate Question of Life, The Universe, and Everything.
The Answer to the Ultimate Question of Life, The Universe, and Everything.
The Answer to the Ultimate Question of Life, The Universe, and Everything.
The Answer to the Ultimate Question of Life, The Universe, and Everything.
The Answer to the Ultimate Question of Life, The Universe, and Everything.
The Answer to the Ultimate Question of Life, The Universe, and Everything.
The Answer to the Ultimate Question of Life, The Universe, and Everything.
The Answer to the Ultimate Question of Life, The Universe, and Everything.
The Answer to the Ultimate Question of Life, The Universe, and Everything.
The Answer to the Ultimate Question of Life, The Universe, and Everything.
The Answer to the Ultimate Question of Life, The Universe, and Everything.
The Answer to the Ultimate Question of Life, The Universe, and Everything.
The Answer to the Ultimate Question of Life, The Universe, and Everything.
