yolo
Hello, world!
string 42
truefalse
4242
false
Hello, world!
Hello, world!
42newline
after newline	Nothing
\\
\"
